Archive member included because of file (symbol)

e:/avr/02-tools/03-imt sdk/03- imt sdk/imt_sdk_win_64/winavr/bin/../lib/gcc/avr/4.3.3/avr5\libgcc.a(_exit.o)
                              e:/avr/02-tools/03-imt sdk/03- imt sdk/imt_sdk_win_64/winavr/bin/../lib/gcc/avr/4.3.3/../../../../avr/lib/avr5/crtm32.o (exit)

Memory Configuration

Name             Origin             Length             Attributes
text             0x00000000         0x00020000         xr
data             0x00800060         0x0000ffa0         rw !x
eeprom           0x00810000         0x00010000         rw !x
fuse             0x00820000         0x00000400         rw !x
lock             0x00830000         0x00000400         rw !x
signature        0x00840000         0x00000400         rw !x
*default*        0x00000000         0xffffffff

Linker script and memory map

LOAD e:/avr/02-tools/03-imt sdk/03- imt sdk/imt_sdk_win_64/winavr/bin/../lib/gcc/avr/4.3.3/../../../../avr/lib/avr5/crtm32.o
LOAD ./DIO_program.o
LOAD ./MCP2515_Program.o
LOAD ./SPI_Program.o
LOAD ./UART_program.o
LOAD ./main.o
LOAD e:/avr/02-tools/03-imt sdk/03- imt sdk/imt_sdk_win_64/winavr/bin/../lib/gcc/avr/4.3.3/avr5\libgcc.a
LOAD e:/avr/02-tools/03-imt sdk/03- imt sdk/imt_sdk_win_64/winavr/bin/../lib/gcc/avr/4.3.3/../../../../avr/lib/avr5\libc.a
LOAD e:/avr/02-tools/03-imt sdk/03- imt sdk/imt_sdk_win_64/winavr/bin/../lib/gcc/avr/4.3.3/avr5\libgcc.a

.hash
 *(.hash)

.dynsym
 *(.dynsym)

.dynstr
 *(.dynstr)

.gnu.version
 *(.gnu.version)

.gnu.version_d
 *(.gnu.version_d)

.gnu.version_r
 *(.gnu.version_r)

.rel.init
 *(.rel.init)

.rela.init
 *(.rela.init)

.rel.text
 *(.rel.text)
 *(.rel.text.*)
 *(.rel.gnu.linkonce.t*)

.rela.text
 *(.rela.text)
 *(.rela.text.*)
 *(.rela.gnu.linkonce.t*)

.rel.fini
 *(.rel.fini)

.rela.fini
 *(.rela.fini)

.rel.rodata
 *(.rel.rodata)
 *(.rel.rodata.*)
 *(.rel.gnu.linkonce.r*)

.rela.rodata
 *(.rela.rodata)
 *(.rela.rodata.*)
 *(.rela.gnu.linkonce.r*)

.rel.data
 *(.rel.data)
 *(.rel.data.*)
 *(.rel.gnu.linkonce.d*)

.rela.data
 *(.rela.data)
 *(.rela.data.*)
 *(.rela.gnu.linkonce.d*)

.rel.ctors
 *(.rel.ctors)

.rela.ctors
 *(.rela.ctors)

.rel.dtors
 *(.rel.dtors)

.rela.dtors
 *(.rela.dtors)

.rel.got
 *(.rel.got)

.rela.got
 *(.rela.got)

.rel.bss
 *(.rel.bss)

.rela.bss
 *(.rela.bss)

.rel.plt
 *(.rel.plt)

.rela.plt
 *(.rela.plt)

.text           0x00000000      0xca6
 *(.vectors)
 .vectors       0x00000000       0x54 e:/avr/02-tools/03-imt sdk/03- imt sdk/imt_sdk_win_64/winavr/bin/../lib/gcc/avr/4.3.3/../../../../avr/lib/avr5/crtm32.o
                0x00000000                __vectors
                0x00000000                __vector_default
 *(.vectors)
 *(.progmem.gcc*)
 *(.progmem*)
                0x00000054                . = ALIGN (0x2)
                0x00000054                __trampolines_start = .
 *(.trampolines)
 .trampolines   0x00000054        0x0 linker stubs
 *(.trampolines*)
                0x00000054                __trampolines_end = .
 *(.jumptables)
 *(.jumptables*)
 *(.lowtext)
 *(.lowtext*)
                0x00000054                __ctors_start = .
 *(.ctors)
                0x00000054                __ctors_end = .
                0x00000054                __dtors_start = .
 *(.dtors)
                0x00000054                __dtors_end = .
 SORT(*)(.ctors)
 SORT(*)(.dtors)
 *(.init0)
 .init0         0x00000054        0x0 e:/avr/02-tools/03-imt sdk/03- imt sdk/imt_sdk_win_64/winavr/bin/../lib/gcc/avr/4.3.3/../../../../avr/lib/avr5/crtm32.o
                0x00000054                __init
 *(.init0)
 *(.init1)
 *(.init1)
 *(.init2)
 .init2         0x00000054        0xc e:/avr/02-tools/03-imt sdk/03- imt sdk/imt_sdk_win_64/winavr/bin/../lib/gcc/avr/4.3.3/../../../../avr/lib/avr5/crtm32.o
 *(.init2)
 *(.init3)
 *(.init3)
 *(.init4)
 *(.init4)
 *(.init5)
 *(.init5)
 *(.init6)
 *(.init6)
 *(.init7)
 *(.init7)
 *(.init8)
 *(.init8)
 *(.init9)
 .init9         0x00000060        0x8 e:/avr/02-tools/03-imt sdk/03- imt sdk/imt_sdk_win_64/winavr/bin/../lib/gcc/avr/4.3.3/../../../../avr/lib/avr5/crtm32.o
 *(.init9)
 *(.text)
 .text          0x00000068        0x4 e:/avr/02-tools/03-imt sdk/03- imt sdk/imt_sdk_win_64/winavr/bin/../lib/gcc/avr/4.3.3/../../../../avr/lib/avr5/crtm32.o
                0x00000068                __vector_1
                0x00000068                __vector_12
                0x00000068                __bad_interrupt
                0x00000068                __vector_6
                0x00000068                __vector_3
                0x00000068                __vector_11
                0x00000068                __vector_13
                0x00000068                __vector_17
                0x00000068                __vector_19
                0x00000068                __vector_7
                0x00000068                __vector_5
                0x00000068                __vector_4
                0x00000068                __vector_9
                0x00000068                __vector_2
                0x00000068                __vector_15
                0x00000068                __vector_8
                0x00000068                __vector_14
                0x00000068                __vector_10
                0x00000068                __vector_16
                0x00000068                __vector_18
                0x00000068                __vector_20
 .text          0x0000006c        0x0 ./DIO_program.o
 .text          0x0000006c        0x0 ./MCP2515_Program.o
 .text          0x0000006c        0x0 ./SPI_Program.o
 .text          0x0000006c        0x0 ./UART_program.o
 .text          0x0000006c        0x0 ./main.o
 .text          0x0000006c        0x0 e:/avr/02-tools/03-imt sdk/03- imt sdk/imt_sdk_win_64/winavr/bin/../lib/gcc/avr/4.3.3/avr5\libgcc.a(_exit.o)
                0x0000006c                . = ALIGN (0x2)
 *(.text.*)
 .text.DIO_VidInit
                0x0000006c        0xe ./DIO_program.o
                0x0000006c                DIO_VidInit
 .text.DIO_VidSetPortDirection
                0x0000007a       0x82 ./DIO_program.o
                0x0000007a                DIO_VidSetPortDirection
 .text.DIO_VidSetPinDirection
                0x000000fc      0x200 ./DIO_program.o
                0x000000fc                DIO_VidSetPinDirection
 .text.DIO_VidSetPortValue
                0x000002fc       0x82 ./DIO_program.o
                0x000002fc                DIO_VidSetPortValue
 .text.DIO_VidSetPinValue
                0x0000037e      0x200 ./DIO_program.o
                0x0000037e                DIO_VidSetPinValue
 .text.DIO_VidTogglePin
                0x0000057e       0xfa ./DIO_program.o
                0x0000057e                DIO_VidTogglePin
 .text.DIO_U8GetPinValue
                0x00000678       0xf2 ./DIO_program.o
                0x00000678                DIO_U8GetPinValue
 .text.DIO_U8GetPortValue
                0x0000076a       0x82 ./DIO_program.o
                0x0000076a                DIO_U8GetPortValue
 .text.MCP2515_U8ReadRegister
                0x000007ec       0x38 ./MCP2515_Program.o
                0x000007ec                MCP2515_U8ReadRegister
 .text.MCP2515_VidWriteRegister
                0x00000824       0x36 ./MCP2515_Program.o
                0x00000824                MCP2515_VidWriteRegister
 .text.MCP2515_VidSetBitTiming
                0x0000085a       0x36 ./MCP2515_Program.o
                0x0000085a                MCP2515_VidSetBitTiming
 .text.MCP2515_VidReset
                0x00000890       0x20 ./MCP2515_Program.o
                0x00000890                MCP2515_VidReset
 .text.MCP2515_VidChangeBits
                0x000008b0       0x42 ./MCP2515_Program.o
                0x000008b0                MCP2515_VidChangeBits
 .text.MCP2515_VidSetMode
                0x000008f2       0x3c ./MCP2515_Program.o
                0x000008f2                MCP2515_VidSetMode
 .text.MCP2515_VidInit
                0x0000092e       0x3e ./MCP2515_Program.o
                0x0000092e                MCP2515_VidInit
 .text.MCP2515_VidSendCANmsg
                0x0000096c       0xe4 ./MCP2515_Program.o
                0x0000096c                MCP2515_VidSendCANmsg
 .text.SPI_VidMasterInit
                0x00000a50       0x90 ./SPI_Program.o
                0x00000a50                SPI_VidMasterInit
 .text.SPI_VidSlaveInit
                0x00000ae0       0x6e ./SPI_Program.o
                0x00000ae0                SPI_VidSlaveInit
 .text.SPI_VidChipSelect
                0x00000b4e       0x30 ./SPI_Program.o
                0x00000b4e                SPI_VidChipSelect
 .text.SPI_U8MasterTransmit
                0x00000b7e       0x34 ./SPI_Program.o
                0x00000b7e                SPI_U8MasterTransmit
 .text.UART_voidInit
                0x00000bb2       0x2c ./UART_program.o
                0x00000bb2                UART_voidInit
 .text.UART_voidSendChar
                0x00000bde       0x2e ./UART_program.o
                0x00000bde                UART_voidSendChar
 .text.UART_voidGetChar
                0x00000c0c       0x34 ./UART_program.o
                0x00000c0c                UART_voidGetChar
 .text.main     0x00000c40       0x62 ./main.o
                0x00000c40                main
 .text.libgcc   0x00000ca2        0x0 e:/avr/02-tools/03-imt sdk/03- imt sdk/imt_sdk_win_64/winavr/bin/../lib/gcc/avr/4.3.3/avr5\libgcc.a(_exit.o)
                0x00000ca2                . = ALIGN (0x2)
 *(.fini9)
 .fini9         0x00000ca2        0x0 e:/avr/02-tools/03-imt sdk/03- imt sdk/imt_sdk_win_64/winavr/bin/../lib/gcc/avr/4.3.3/avr5\libgcc.a(_exit.o)
                0x00000ca2                exit
                0x00000ca2                _exit
 *(.fini9)
 *(.fini8)
 *(.fini8)
 *(.fini7)
 *(.fini7)
 *(.fini6)
 *(.fini6)
 *(.fini5)
 *(.fini5)
 *(.fini4)
 *(.fini4)
 *(.fini3)
 *(.fini3)
 *(.fini2)
 *(.fini2)
 *(.fini1)
 *(.fini1)
 *(.fini0)
 .fini0         0x00000ca2        0x4 e:/avr/02-tools/03-imt sdk/03- imt sdk/imt_sdk_win_64/winavr/bin/../lib/gcc/avr/4.3.3/avr5\libgcc.a(_exit.o)
 *(.fini0)
                0x00000ca6                _etext = .

.data           0x00800060        0x0 load address 0x00000ca6
                0x00800060                PROVIDE (__data_start, .)
 *(.data)
 .data          0x00800060        0x0 e:/avr/02-tools/03-imt sdk/03- imt sdk/imt_sdk_win_64/winavr/bin/../lib/gcc/avr/4.3.3/../../../../avr/lib/avr5/crtm32.o
 .data          0x00800060        0x0 ./DIO_program.o
 .data          0x00800060        0x0 ./MCP2515_Program.o
 .data          0x00800060        0x0 ./SPI_Program.o
 .data          0x00800060        0x0 ./UART_program.o
 .data          0x00800060        0x0 ./main.o
 .data          0x00800060        0x0 e:/avr/02-tools/03-imt sdk/03- imt sdk/imt_sdk_win_64/winavr/bin/../lib/gcc/avr/4.3.3/avr5\libgcc.a(_exit.o)
 *(.data*)
 *(.rodata)
 *(.rodata*)
 *(.gnu.linkonce.d*)
                0x00800060                . = ALIGN (0x2)
                0x00800060                _edata = .
                0x00800060                PROVIDE (__data_end, .)

.bss            0x00800060        0x0
                0x00800060                PROVIDE (__bss_start, .)
 *(.bss)
 .bss           0x00800060        0x0 e:/avr/02-tools/03-imt sdk/03- imt sdk/imt_sdk_win_64/winavr/bin/../lib/gcc/avr/4.3.3/../../../../avr/lib/avr5/crtm32.o
 .bss           0x00800060        0x0 ./DIO_program.o
 .bss           0x00800060        0x0 ./MCP2515_Program.o
 .bss           0x00800060        0x0 ./SPI_Program.o
 .bss           0x00800060        0x0 ./UART_program.o
 .bss           0x00800060        0x0 ./main.o
 .bss           0x00800060        0x0 e:/avr/02-tools/03-imt sdk/03- imt sdk/imt_sdk_win_64/winavr/bin/../lib/gcc/avr/4.3.3/avr5\libgcc.a(_exit.o)
 *(.bss*)
 *(COMMON)
                0x00800060                PROVIDE (__bss_end, .)
                0x00000ca6                __data_load_start = LOADADDR (.data)
                0x00000ca6                __data_load_end = (__data_load_start + SIZEOF (.data))

.noinit         0x00800060        0x0
                0x00800060                PROVIDE (__noinit_start, .)
 *(.noinit*)
                0x00800060                PROVIDE (__noinit_end, .)
                0x00800060                _end = .
                0x00800060                PROVIDE (__heap_start, .)

.eeprom         0x00810000        0x0
 *(.eeprom*)
                0x00810000                __eeprom_end = .

.fuse
 *(.fuse)
 *(.lfuse)
 *(.hfuse)
 *(.efuse)

.lock
 *(.lock*)

.signature
 *(.signature*)

.stab           0x00000000     0x1404
 *(.stab)
 .stab          0x00000000      0x5e8 ./DIO_program.o
 .stab          0x000005e8      0x528 ./MCP2515_Program.o
                                0x5ac (size before relaxing)
 .stab          0x00000b10      0x3b4 ./SPI_Program.o
                                0x438 (size before relaxing)
 .stab          0x00000ec4      0x1f8 ./UART_program.o
                                0x27c (size before relaxing)
 .stab          0x000010bc      0x348 ./main.o
                                0x3cc (size before relaxing)

.stabstr        0x00000000      0xb5f
 *(.stabstr)
 .stabstr       0x00000000      0xb5f ./DIO_program.o

.stab.excl
 *(.stab.excl)

.stab.exclstr
 *(.stab.exclstr)

.stab.index
 *(.stab.index)

.stab.indexstr
 *(.stab.indexstr)

.comment
 *(.comment)

.debug
 *(.debug)

.line
 *(.line)

.debug_srcinfo
 *(.debug_srcinfo)

.debug_sfnames
 *(.debug_sfnames)

.debug_aranges
 *(.debug_aranges)

.debug_pubnames
 *(.debug_pubnames)

.debug_info
 *(.debug_info)
 *(.gnu.linkonce.wi.*)

.debug_abbrev
 *(.debug_abbrev)

.debug_line
 *(.debug_line)

.debug_frame
 *(.debug_frame)

.debug_str
 *(.debug_str)

.debug_loc
 *(.debug_loc)

.debug_macinfo
 *(.debug_macinfo)
OUTPUT(MCP_testTx.elf elf32-avr)
LOAD linker stubs
